main.c:245:5:main	8	static
main.c:354:6:SystemClock_Config	88	static
main.c:398:13:MX_ADC1_Init	24	static
main.c:456:13:MX_I2C1_Init	8	static
main.c:490:13:MX_I2S3_Init	8	static
main.c:524:13:MX_SPI1_Init	8	static
main.c:562:13:MX_TIM3_Init	64	static
main.c:621:13:MX_USART2_UART_Init	8	static
main.c:654:13:MX_USART3_UART_Init	8	static
main.c:687:13:MX_USB_OTG_FS_HCD_Init	8	static
main.c:716:13:MX_DMA_Init	16	static
main.c:741:13:MX_GPIO_Init	56	static
main.c:842:8:convertDegMinToDecDeg	40	static
main.c:857:6:ros2_gpio_input_timer_callback	32	static
main.c:884:6:ros2_gps_timer_callback	56	static
main.c:911:6:ros2_analog_input_timer_callback	32	static
main.c:925:6:ros2_stepper_current_position_timer_callback	32	static
main.c:938:6:ros2_stepper_target_position_callback	24	static
main.c:953:6:ros2_gpio_output_callback	24	static
main.c:973:6:HAL_UART_RxCpltCallback	16	static
main.c:986:6:HAL_TIM_PWM_PulseFinishedCallback	16	static
main.c:1008:6:task_ros2_function	344	static
main.c:1211:6:task_gps_function	56	static
main.c:1244:6:task_stepper_function	24	static
main.c:1286:6:task_angle_sensor_function	16	static
main.c:1304:6:task_analog_input_function	16	static
main.c:1322:6:task_dac_function	16	static
main.c:1340:6:task_digital_io_function	24	static
main.c:1367:6:task_main_function	16	static
main.c:1386:6:HAL_TIM_PeriodElapsedCallback	16	static
main.c:1403:6:Error_Handler	4	static,ignoring_inline_asm
