main.c:250:5:main	8	static
main.c:353:6:SystemClock_Config	88	static
main.c:397:13:MX_ADC1_Init	24	static
main.c:455:13:MX_I2C1_Init	8	static
main.c:489:13:MX_I2S3_Init	8	static
main.c:523:13:MX_SPI1_Init	8	static
main.c:561:13:MX_TIM3_Init	64	static
main.c:620:13:MX_USART2_UART_Init	8	static
main.c:653:13:MX_USART3_UART_Init	8	static
main.c:686:13:MX_USB_OTG_FS_HCD_Init	8	static
main.c:715:13:MX_DMA_Init	16	static
main.c:740:13:MX_GPIO_Init	56	static
main.c:841:8:convertDegMinToDecDeg	40	static
main.c:856:6:ros2_gpio_input_timer_callback	32	static
main.c:869:6:ros2_gps_timer_callback	56	static
main.c:896:6:ros2_analog_input_timer_callback	32	static
main.c:912:6:ros2_stepper_speed_timer_callback	32	static
main.c:926:6:ros2_stepper_current_position_timer_callback	32	static
main.c:943:6:ros2_stepper_target_position_callback	24	static
main.c:959:6:ros2_gpio_output_callback	24	static
main.c:983:6:HAL_UART_RxCpltCallback	16	static
main.c:996:6:HAL_TIM_PWM_PulseFinishedCallback	16	static
main.c:1010:6:updateDigitalOuputs	16	static
main.c:1023:6:task_ros2_function	344	static
main.c:1187:6:task_gps_function	56	static
main.c:1218:6:task_stepper_function	24	static
main.c:1257:6:task_main_function	24	static
main.c:1291:6:HAL_TIM_PeriodElapsedCallback	16	static
main.c:1308:6:Error_Handler	4	static,ignoring_inline_asm
