main.c:243:5:main	8	static
main.c:352:6:SystemClock_Config	88	static
main.c:396:13:MX_ADC1_Init	24	static
main.c:454:13:MX_I2C1_Init	8	static
main.c:488:13:MX_I2S3_Init	8	static
main.c:522:13:MX_SPI1_Init	8	static
main.c:560:13:MX_TIM3_Init	64	static
main.c:619:13:MX_USART2_UART_Init	8	static
main.c:652:13:MX_USART3_UART_Init	8	static
main.c:685:13:MX_USB_OTG_FS_HCD_Init	8	static
main.c:714:13:MX_DMA_Init	16	static
main.c:739:13:MX_GPIO_Init	56	static
main.c:840:8:convertDegMinToDecDeg	40	static
main.c:855:6:ros2_gpio_input_timer_callback	32	static
main.c:882:6:ros2_gps_timer_callback	56	static
main.c:909:6:ros2_analog_input_timer_callback	32	static
main.c:923:6:ros2_stepper_current_position_timer_callback	32	static
main.c:936:6:ros2_stepper_target_position_callback	24	static
main.c:950:6:ros2_gpio_output_callback	24	static
main.c:970:6:HAL_UART_RxCpltCallback	16	static
main.c:983:6:HAL_TIM_PWM_PulseFinishedCallback	16	static
main.c:1004:6:task_ros2_function	344	static
main.c:1207:6:task_gps_function	56	static
main.c:1240:6:task_stepper_function	16	static
main.c:1273:6:task_angle_sensor_function	16	static
main.c:1291:6:task_analog_input_function	16	static
main.c:1309:6:task_dac_function	16	static
main.c:1327:6:task_digital_io_function	24	static
main.c:1354:6:task_main_function	16	static
main.c:1373:6:HAL_TIM_PeriodElapsedCallback	16	static
main.c:1390:6:Error_Handler	4	static,ignoring_inline_asm
