main.c:193:5:main	8	static
main.c:300:6:SystemClock_Config	88	static
main.c:344:13:MX_I2C1_Init	8	static
main.c:378:13:MX_I2S3_Init	8	static
main.c:412:13:MX_SPI1_Init	8	static
main.c:450:13:MX_TIM1_Init	96	static
main.c:525:13:MX_USART2_UART_Init	8	static
main.c:558:13:MX_USART3_UART_Init	8	static
main.c:591:13:MX_USB_OTG_FS_HCD_Init	8	static
main.c:620:13:MX_DMA_Init	16	static
main.c:641:13:MX_GPIO_Init	56	static
main.c:733:6:timer_callback	56	static
main.c:769:6:timer2_callback	32	static
main.c:797:6:cmd_vel_callback	72	static
main.c:828:6:task_ros2_function	344	static
main.c:1015:6:task_gps_function	16	static
main.c:1033:6:task_stepper_function	16	static
main.c:1051:6:task_angle_sensor_function	16	static
main.c:1069:6:task_analog_input_function	16	static
main.c:1087:6:task_dac_function	16	static
main.c:1105:6:task_digital_io_function	16	static
main.c:1123:6:task_main_function	16	static
main.c:1142:6:HAL_TIM_PeriodElapsedCallback	16	static
main.c:1159:6:Error_Handler	4	static,ignoring_inline_asm
