main.c:229:5:main	8	static
main.c:338:6:SystemClock_Config	88	static
main.c:382:13:MX_ADC1_Init	24	static
main.c:440:13:MX_I2C1_Init	8	static
main.c:474:13:MX_I2S3_Init	8	static
main.c:508:13:MX_SPI1_Init	8	static
main.c:546:13:MX_TIM1_Init	96	static
main.c:621:13:MX_USART2_UART_Init	8	static
main.c:654:13:MX_USART3_UART_Init	8	static
main.c:687:13:MX_USB_OTG_FS_HCD_Init	8	static
main.c:716:13:MX_DMA_Init	16	static
main.c:741:13:MX_GPIO_Init	56	static
main.c:839:8:convertDegMinToDecDeg	40	static
main.c:854:6:ros2_gpio_input_timer_callback	32	static
main.c:881:6:ros2_gps_timer_callback	56	static
main.c:908:6:ros2_analog_input_timer_callback	32	static
main.c:924:6:ros2_gpio_output_callback	24	static
main.c:944:6:HAL_UART_RxCpltCallback	16	static
main.c:965:6:task_ros2_function	344	static
main.c:1150:6:task_gps_function	56	static
main.c:1183:6:task_stepper_function	16	static
main.c:1201:6:task_angle_sensor_function	16	static
main.c:1219:6:task_analog_input_function	16	static
main.c:1237:6:task_dac_function	16	static
main.c:1255:6:task_digital_io_function	24	static
main.c:1282:6:task_main_function	16	static
main.c:1301:6:HAL_TIM_PeriodElapsedCallback	16	static
main.c:1318:6:Error_Handler	4	static,ignoring_inline_asm
