main.c:232:5:main	8	static
main.c:341:6:SystemClock_Config	88	static
main.c:385:13:MX_ADC1_Init	24	static
main.c:443:13:MX_I2C1_Init	8	static
main.c:477:13:MX_I2S3_Init	8	static
main.c:511:13:MX_SPI1_Init	8	static
main.c:549:13:MX_TIM3_Init	64	static
main.c:608:13:MX_USART2_UART_Init	8	static
main.c:641:13:MX_USART3_UART_Init	8	static
main.c:674:13:MX_USB_OTG_FS_HCD_Init	8	static
main.c:703:13:MX_DMA_Init	16	static
main.c:728:13:MX_GPIO_Init	56	static
main.c:829:8:convertDegMinToDecDeg	40	static
main.c:844:6:ros2_gpio_input_timer_callback	32	static
main.c:871:6:ros2_gps_timer_callback	56	static
main.c:898:6:ros2_analog_input_timer_callback	32	static
main.c:914:6:ros2_gpio_output_callback	24	static
main.c:934:6:HAL_UART_RxCpltCallback	16	static
main.c:947:6:HAL_TIM_PWM_PulseFinishedCallback	16	static
main.c:968:6:task_ros2_function	344	static
main.c:1153:6:task_gps_function	56	static
main.c:1186:6:task_stepper_function	16	static
main.c:1219:6:task_angle_sensor_function	16	static
main.c:1237:6:task_analog_input_function	16	static
main.c:1255:6:task_dac_function	16	static
main.c:1273:6:task_digital_io_function	24	static
main.c:1300:6:task_main_function	16	static
main.c:1319:6:HAL_TIM_PeriodElapsedCallback	16	static
main.c:1336:6:Error_Handler	4	static,ignoring_inline_asm
